// Jest Snapshot v1, https://goo.gl/fbAQLP

exports[`App should render correctly 1`] = `
<section
  className="App"
  id="App"
>
  <BrowserRouter>
    <Switch>
      <Route
        exact={true}
        path="/"
        render={[Function]}
      />
      <Route
        path="/learn"
        render={[Function]}
      />
      <Route
        path="/sandbox"
        render={[Function]}
      />
    </Switch>
  </BrowserRouter>
</section>
`;
